===== 1. SAST: scanning our own source =====
# bandit reads the python we wrote, looking for insecure patterns

$ docker run --rm -v "$PWD/../13_Final_Project_TaskBoard/backend:/src" -w /src python:3.12-slim sh -c 'pip install -q bandit 2>/dev/null; bandit -r app -f txt' | tail -22
[main]	INFO	profile include tests: None
[main]	INFO	profile exclude tests: None
[main]	INFO	cli include tests: None
[main]	INFO	cli exclude tests: None
[main]	INFO	running on Python 3.12.15
Run started:2026-10-07 18:49:28.810769+00:00

Test results:
	No issues identified.

Code scanned:
	Total lines of code: 121
	Total lines skipped (#nosec): 0
	Total potential issues skipped due to specifically being disabled (e.g., #nosec BXXX): 0

Run metrics:
	Total issues (by severity):
		Undefined: 0
		Low: 0
		Medium: 0
		High: 0
	Total issues (by confidence):
		Undefined: 0
		Low: 0
		Medium: 0
		High: 0
Files skipped (0):

===== 2. SCA: scanning what we depend on =====
# pip-audit checks the declared dependencies against advisory databases

$ docker run --rm -v "$PWD/../13_Final_Project_TaskBoard/backend:/src" -w /src python:3.12-slim sh -c 'pip install -q pip-audit 2>/dev/null; pip-audit -r requirements.txt --format columns' | tail -20
Found 12 known vulnerabilities in 2 packages
Name      Version ID              Fix Versions
--------- ------- --------------- ------------
pytest    8.3.4   PYSEC-2026-1845 9.0.3
pytest    8.3.4   PYSEC-2026-1845 9.0.3
starlette 0.52.1  PYSEC-2026-161  1.0.1
starlette 0.52.1  PYSEC-2026-161  1.0.1
starlette 0.52.1  PYSEC-2026-2281 1.1.0
starlette 0.52.1  PYSEC-2026-2280 1.1.0
starlette 0.52.1  PYSEC-2026-249  1.3.1
starlette 0.52.1  PYSEC-2026-248  1.3.0
starlette 0.52.1  PYSEC-2026-249  1.3.1
starlette 0.52.1  PYSEC-2026-248  1.3.0
starlette 0.52.1  PYSEC-2026-2281 1.1.0
starlette 0.52.1  PYSEC-2026-2280 1.1.0

===== 3. Secret scanning =====
# gitleaks reads the whole git history, not just the working tree,
# because a secret removed in a later commit is still in the history

$ docker run --rm -v "$PWD/..:/repo" zricethezav/gitleaks:v8.21.2 detect --source=/repo --no-banner --redact -v 2>&1 | tail -12
[90m6:49PM[0m [32mINF[0m 24 commits scanned.
[90m6:49PM[0m [32mINF[0m scan completed in 352ms
[90m6:49PM[0m [32mINF[0m no leaks found

===== 4. Container image scanning =====

$ docker build -q -t taskboard-backend:scan ../13_Final_Project_TaskBoard/backend
sha256:3ccad461a590dbf07bf607876458c9f221df3d2b8ea4d940e1e7216e2330bffb
# every severity, to see the whole picture first

$ docker run --rm -v /var/run/docker.sock:/var/run/docker.sock -v "$HOME/.cache/trivy:/root/.cache/trivy" aquasec/trivy:0.58.1 image --severity HIGH,CRITICAL --format table taskboard-backend:scan 2>/dev/null | grep -E 'Total:|^.aquasec|starlette|Library' | head -12
Total: 44 (HIGH: 44, CRITICAL: 0)
│    Library    │ Vulnerability  │ Severity │    Status    │         Installed Version         │ Fixed Version │                            Title                            │
Total: 2 (HIGH: 2, CRITICAL: 0)
│       Library        │ Vulnerability  │ Severity │ Status │ Installed Version │ Fixed Version │                            Title                             │
│ starlette (METADATA) │ CVE-2026-48818 │ HIGH     │ fixed  │ 0.52.1            │ 1.1.0         │ starlette: Starlette: SSRF and NTLM credential theft via UNC │
│                      │ CVE-2026-54283 │          │        │                   │ 1.3.1         │ starlette: Starlette: request.form() limits silently ignored │

===== 5. The gate, before the fix =====
# this is what the pipeline saw on the first run: fastapi 0.115.6 pulled
# starlette 0.41.3, which carries three HIGH findings

$ cat ../13_Final_Project_TaskBoard/backend/.trivyignore | head -22
# Accepted risks, reviewed 2026-10-07, to be re-checked 2027-01-07.
#
# Both are in starlette, which arrives as a dependency of fastapi rather than
# being chosen here. Upgrading does not resolve them: fastapi 0.142.2 is the
# newest release and it resolves starlette to 0.52.1, while the fixes landed in
# the starlette 1.x line. Pinning starlette==1.3.1 alongside fastapi gives
# ResolutionImpossible, so there is no version pair that satisfies both.
#
# CVE-2026-48818  SSRF and NTLM credential theft via UNC paths in StaticFiles.
#                 Not reachable here: this service mounts no StaticFiles, the
#                 frontend is served by a separate nginx container.
#
# CVE-2026-54283  request.form() limits ignored for urlencoded bodies, a DoS.
#                 Not reachable here: every endpoint takes JSON through
#                 pydantic models and none calls request.form().
#
# Revisit when fastapi supports the starlette 1.x line.
CVE-2026-48818
CVE-2026-54283

===== 6. The gate, after the fix =====
# fastapi bumped to 0.142.2, and the two unfixable findings accepted
# in writing. exit code 0 means the pipeline may continue.

$ docker run --rm -v /var/run/docker.sock:/var/run/docker.sock -v "$HOME/.cache/trivy:/root/.cache/trivy" -v "$PWD/../13_Final_Project_TaskBoard/backend/.trivyignore:/.trivyignore" aquasec/trivy:0.58.1 image --severity HIGH,CRITICAL --ignore-unfixed --ignorefile /.trivyignore --exit-code 1 --format table taskboard-backend:scan 2>/dev/null | tail -6; echo "gate exit code: $?"

taskboard-backend:scan (debian 13.7)
====================================
Total: 0 (HIGH: 0, CRITICAL: 0)

gate exit code: 0

===== 7. The pipeline jobs =====

$ gh run list --repo Manasvi-247/devops-assignment-2 --workflow=security.yml --limit 4
completed	success	docs(taskboard): embed every interface capture inline	Security	main	push	37669284688	42s	2026-10-07T18:45:34Z
completed	success	feat(taskboard): rebuild the interface on ant design	Security	main	push	37666462853	44s	2026-10-07T18:23:32Z
completed	failure	feat(taskboard): run the compose stack and exercise every endpoint	Security	main	push	37664916365	51s	2026-10-07T18:11:32Z
completed	success	fix(security): run trivy from its image and resolve what the gate found	Security	main	push	37663739972	43s	2026-10-07T18:02:27Z

$ gh run view 37669284688 --repo Manasvi-247/devops-assignment-2 --json jobs --jq '.jobs[] | "\(.conclusion)\t\(.name)"'
success	Image scan (trivy) and security gate
success	Secret scanning (gitleaks)
success	SAST (bandit)
success	SCA (pip-audit)

===== Done. Output saved to output.log =====
