===== 1. Every run so far, including the ones that failed =====

$ gh run list --repo Manasvi-247/devops-assignment-2 --limit 10
completed	success	fix(security): run trivy from its image and resolve what the gate found	Security	main	push	37663739972	43s	2026-10-07T18:02:27Z
completed	success	fix(security): run trivy from its image and resolve what the gate found	CI	main	push	37663739920	1m44s	2026-10-07T18:02:27Z
completed	failure	fix(ci): use the tag format the trivy action actually publishes	Security	main	push	37662497081	32s	2026-10-07T17:52:55Z
completed	failure	fix(ci): make the pipeline pass	Security	main	push	37661939299	20s	2026-10-07T17:48:38Z
completed	success	fix(ci): make the pipeline pass	CI	main	push	37661936211	2m54s	2026-10-07T17:48:36Z
completed	failure	docs: add readme for every remaining session and list them all	CI	main	push	37660927434	32s	2026-10-07T17:40:43Z
completed	failure	docs: add readme for every remaining session and list them all	Security	main	push	37660927433	1m0s	2026-10-07T17:40:43Z

===== 2. The jobs in the latest CI run =====
# run id 37663739920

$ gh run view 37663739920 --repo Manasvi-247/devops-assignment-2 --json jobs --jq '.jobs[] | "\(.conclusion)\t\(.name)"'
success	pytest on 3.11
success	pytest on 3.12
success	Build images
success	Pipeline summary

===== 3. The matrix: the same tests on two python versions =====

$ gh run view 37663739920 --repo Manasvi-247/devops-assignment-2 --log | grep -E 'collected|passed' | sed 's/\t/  /g' | cut -c1-120 | head -6
pytest on 3.11  Install dependencies  2026-10-07T18:02:40.8372369Z Installing collected packages: websockets, uvloop, ty
pytest on 3.11  Run tests  2026-10-07T18:02:45.8335753Z collecting ... collected 10 items
pytest on 3.11  Run tests  2026-10-07T18:02:45.9203080Z ======================== 10 passed, 3 warnings in 0.61s ========
pytest on 3.12  Install dependencies  2026-10-07T18:02:44.0621489Z Installing collected packages: websockets, uvloop, ty
pytest on 3.12  Run tests  2026-10-07T18:02:49.7703920Z collecting ... collected 10 items
pytest on 3.12  Run tests  2026-10-07T18:02:49.8591223Z ======================== 10 passed, 3 warnings in 0.57s ========

===== 4. Artifacts the run produced =====

$ gh api repos/Manasvi-247/devops-assignment-2/actions/runs/37663739920/artifacts --jq '.artifacts[] | "\(.name)  \(.size_in_bytes) bytes"'
Manasvi-247~devops-assignment-2~3WTNIA.dockerbuild  47012 bytes
pytest-report-py3.12  440 bytes
pytest-report-py3.11  437 bytes
Manasvi-247~devops-assignment-2~XZU346.dockerbuild  38037 bytes

===== 5. Job dependencies: build waited for test =====
# startedAt and completedAt show build beginning only after both test jobs ended

$ gh run view 37663739920 --repo Manasvi-247/devops-assignment-2 --json jobs --jq '.jobs[] | "\(.name)\tstart \(.startedAt)\tend \(.completedAt)"'
pytest on 3.11	start 2026-10-07T18:02:31Z	end 2026-10-07T18:02:51Z
pytest on 3.12	start 2026-10-07T18:02:31Z	end 2026-10-07T18:02:54Z
Build images	start 2026-10-07T18:02:58Z	end 2026-10-07T18:04:04Z
Pipeline summary	start 2026-10-07T18:04:07Z	end 2026-10-07T18:04:10Z

===== 6. The security workflow =====
# run id 37663739972

$ gh run view 37663739972 --repo Manasvi-247/devops-assignment-2 --json jobs --jq '.jobs[] | "\(.conclusion)\t\(.name)"'
success	SCA (pip-audit)
success	Image scan (trivy) and security gate
success	Secret scanning (gitleaks)
success	SAST (bandit)

===== Done. Output saved to output.log =====
