
$ terraform version
Terraform v1.16.4
on darwin_arm64

Your version of Terraform is out of date! The latest version
is 1.16.5. You can update by downloading from https://developer.hashicorp.com/terraform/install

===== 1. The configuration =====

$ ls
generated
main.tf
outputs.tf
terraform.tf
terraform.tfstate
terraform.tfstate.backup
tfplan
variables.tf

$ cat terraform.tf
terraform {
  required_version = ">= 1.5"
  required_providers {
    local = {
      source  = "hashicorp/local"
      version = "~> 2.5"
    }
    random = {
      source  = "hashicorp/random"
      version = "~> 3.6"
    }
  }
}

$ cat main.tf
resource "random_pet" "suffix" {
  length = 2
}

resource "random_password" "api_key" {
  length  = 24
  special = false
}

# count turns one block into N resources, addressed as [0], [1], [2]
resource "local_file" "node_config" {
  count    = var.instance_count
  filename = "${path.module}/generated/node-${count.index}.conf"
  content  = <<-EOT
    # generated by terraform, do not edit
    project     = ${var.project_name}
    environment = ${var.environment}
    node_id     = ${count.index}
    cluster     = ${random_pet.suffix.id}
  EOT
}

resource "local_sensitive_file" "api_key" {
  filename = "${path.module}/generated/api-key.txt"
  content  = random_password.api_key.result
}

===== 2. init: download providers and set up the backend =====

$ terraform init -no-color
Initializing the backend...

Initializing provider plugins...
- Reusing previous version of hashicorp/random from the dependency lock file
- Reusing previous version of hashicorp/local from the dependency lock file
- Using previously-installed hashicorp/local v2.9.1
- Using previously-installed hashicorp/random v3.9.1

Terraform has been successfully initialized!

You may now begin working with Terraform. Try running "terraform plan" to see
any changes that are required for your infrastructure. All Terraform commands
should now work.

If you ever set or change modules or backend configuration for Terraform,
rerun this command to reinitialize your working directory. If you forget, other
commands will detect it and remind you to do so if necessary.
# init created a lock file pinning exact provider versions:

$ cat .terraform.lock.hcl | head -20
# This file is maintained automatically by "terraform init".
# Manual edits may be lost in future updates.

provider "registry.terraform.io/hashicorp/local" {
  version     = "2.9.1"
  constraints = "~> 2.5"
  hashes = [
    "h1:OZGJN0LSSat5QIxZPxDXtVr4XpHb2oG7cVKJhSqBFIE=",
    "zh:25606c7a5e308144fb627f6e31611bb52ff72bb9ae2d27af39673ab1a6b3c1bf",
    "zh:2568c4ef4dab31821f6f7040af0d1a2aa2b9455b8d9cc546598b791b8ada34cd",
    "zh:25ac210f136042047975896e5e11fe6012425301c826d6b7ce22a49f96a1e0e8",
    "zh:55d3a7bf01eced8e1f259b548020ef1221c5687e0fe6b5b30f81ad0b4121ff12",
    "zh:6168d6934777b853c57815baa18a54101c604a6f1124ca47cd23d016c6f2f1e5",
    "zh:63c0aa17c8373f761123376226debffd1f2259901ff259d4547c520def9a6787",
    "zh:6d1f1572db6c85bd6d6b1b1deef247084e189816875f67e6bcc5d4736794e0a9",
    "zh:78d5eefdd9e494defcb3c68d282b8f96630502cac21d1ea161f53cfe9bb483b3",
    "zh:a8ea1c155bd5e0d695a28d3c0e2f542de8844e1791ea021f015a3f08e1c059e1",
    "zh:ccd790f97269509ade0574ef63c955d3943cb1d812c59177bd85ce4c1d17ca0f",
    "zh:dcfc17bb666e659a9daa9ff52fd8f6ec9ea519868726015e645955c372296332",
    "zh:eb83abbfa7f52cba609b48cbb9a6a5cab07780a672b2020fc2ba190e699a2516",

===== 3. validate and fmt =====

$ terraform validate -no-color
Success! The configuration is valid.


$ terraform fmt -check -no-color && echo 'formatting is already canonical'
formatting is already canonical

===== 4. plan: what would change =====

$ terraform plan -no-color -out=tfplan

Terraform used the selected providers to generate the following execution
plan. Resource actions are indicated with the following symbols:
  + create

Terraform will perform the following actions:

  # local_file.node_config[0] will be created
  + resource "local_file" "node_config" {
      + content              = (known after apply)
      + content_base64sha256 = (known after apply)
      + content_base64sha512 = (known after apply)
      + content_md5          = (known after apply)
      + content_sha1         = (known after apply)
      + content_sha256       = (known after apply)
      + content_sha512       = (known after apply)
      + directory_permission = "0777"
      + file_permission      = "0777"
      + filename             = "./generated/node-0.conf"
      + id                   = (known after apply)
    }

  # local_file.node_config[1] will be created
  + resource "local_file" "node_config" {
      + content              = (known after apply)
      + content_base64sha256 = (known after apply)
      + content_base64sha512 = (known after apply)
      + content_md5          = (known after apply)
      + content_sha1         = (known after apply)
      + content_sha256       = (known after apply)
      + content_sha512       = (known after apply)
      + directory_permission = "0777"
      + file_permission      = "0777"
      + filename             = "./generated/node-1.conf"
      + id                   = (known after apply)
    }

  # local_file.node_config[2] will be created
  + resource "local_file" "node_config" {
      + content              = (known after apply)
      + content_base64sha256 = (known after apply)
      + content_base64sha512 = (known after apply)
      + content_md5          = (known after apply)
      + content_sha1         = (known after apply)
      + content_sha256       = (known after apply)
      + content_sha512       = (known after apply)
      + directory_permission = "0777"
      + file_permission      = "0777"
      + filename             = "./generated/node-2.conf"
      + id                   = (known after apply)
    }

  # local_sensitive_file.api_key will be created
  + resource "local_sensitive_file" "api_key" {
      + content              = (sensitive value)
      + content_base64sha256 = (known after apply)
      + content_base64sha512 = (known after apply)
      + content_md5          = (known after apply)
      + content_sha1         = (known after apply)
      + content_sha256       = (known after apply)
      + content_sha512       = (known after apply)
      + directory_permission = "0700"
      + file_permission      = "0700"
      + filename             = "./generated/api-key.txt"
      + id                   = (known after apply)
    }

  # random_password.api_key will be created
  + resource "random_password" "api_key" {
      + bcrypt_hash = (sensitive value)
      + id          = (known after apply)
      + length      = 24
      + lower       = true
      + min_lower   = 0
      + min_numeric = 0
      + min_special = 0
      + min_upper   = 0
      + number      = true
      + numeric     = true
      + result      = (sensitive value)
      + special     = false
      + upper       = true
    }

  # random_pet.suffix will be created
  + resource "random_pet" "suffix" {
      + id        = (known after apply)
      + length    = 2
      + separator = "-"
    }

Plan: 6 to add, 0 to change, 0 to destroy.

Changes to Outputs:
  + api_key      = (sensitive value)
  + cluster_name = (known after apply)
  + config_files = [
      + "./generated/node-0.conf",
      + "./generated/node-1.conf",
      + "./generated/node-2.conf",
    ]

─────────────────────────────────────────────────────────────────────────────

Saved the plan to: tfplan

To perform exactly these actions, run the following command to apply:
    terraform apply "tfplan"
# the plan is a real file, and can be inspected without re-planning:

$ terraform show -no-color tfplan | head -25

Terraform used the selected providers to generate the following execution
plan. Resource actions are indicated with the following symbols:
  + create

Terraform will perform the following actions:

  # local_file.node_config[0] will be created
  + resource "local_file" "node_config" {
      + content              = (known after apply)
      + content_base64sha256 = (known after apply)
      + content_base64sha512 = (known after apply)
      + content_md5          = (known after apply)
      + content_sha1         = (known after apply)
      + content_sha256       = (known after apply)
      + content_sha512       = (known after apply)
      + directory_permission = "0777"
      + file_permission      = "0777"
      + filename             = "./generated/node-0.conf"
      + id                   = (known after apply)
    }

  # local_file.node_config[1] will be created
  + resource "local_file" "node_config" {
      + content              = (known after apply)

===== 5. apply =====

$ terraform apply -no-color -auto-approve tfplan
random_pet.suffix: Creating...
random_password.api_key: Creating...
random_pet.suffix: Creation complete after 0s [id=evolving-hamster]
local_file.node_config[1]: Creating...
local_file.node_config[0]: Creating...
local_file.node_config[2]: Creating...
local_file.node_config[1]: Creation complete after 0s [id=2ab450d708ea596e9b8f2412eb58e94b166c0d83]
local_file.node_config[0]: Creation complete after 0s [id=0231cc64640c3b0accbd1f37d267f0a21ae0a0a6]
local_file.node_config[2]: Creation complete after 0s [id=06beb967345ae1716d84f5a0222a8040e59cb913]
random_password.api_key: Creation complete after 0s [id=none]
local_sensitive_file.api_key: Creating...
local_sensitive_file.api_key: Creation complete after 0s [id=d935ac51f0ae3861e6352908be17009031876baf]

Apply complete! Resources: 6 added, 0 changed, 0 destroyed.

Outputs:

api_key = <sensitive>
cluster_name = "devops-lab-dev-evolving-hamster"
config_files = [
  "./generated/node-0.conf",
  "./generated/node-1.conf",
  "./generated/node-2.conf",
]
# the resources it created really exist on disk:

$ ls -l generated/
total 32
-rwx------  1 manasvi  staff   24 Oct  7 23:36 api-key.txt
-rwxr-xr-x  1 manasvi  staff  128 Oct  7 23:36 node-0.conf
-rwxr-xr-x  1 manasvi  staff  128 Oct  7 23:36 node-1.conf
-rwxr-xr-x  1 manasvi  staff  128 Oct  7 23:36 node-2.conf

$ cat generated/node-0.conf
# generated by terraform, do not edit
project     = devops-lab
environment = dev
node_id     = 0
cluster     = evolving-hamster

$ terraform output -no-color
api_key = <sensitive>
cluster_name = "devops-lab-dev-evolving-hamster"
config_files = [
  "./generated/node-0.conf",
  "./generated/node-1.conf",
  "./generated/node-2.conf",
]
# a sensitive output is redacted unless asked for explicitly:

$ terraform output -no-color -raw api_key | head -c 8; echo '... (truncated)'
YizTDurj... (truncated)

===== 6. State =====

$ terraform state list
local_file.node_config[0]
local_file.node_config[1]
local_file.node_config[2]
local_sensitive_file.api_key
random_password.api_key
random_pet.suffix

$ terraform state show random_pet.suffix
# random_pet.suffix:
resource "random_pet" "suffix" {
    id        = "evolving-hamster"
    length    = 2
    separator = "-"
}
# state records the mapping from configuration to real objects:

$ terraform show -no-color -json | python3 -c 'import json,sys; d=json.load(sys.stdin); print("resources in state:", len(d["values"]["root_module"]["resources"]))'
resources in state: 6

===== 7. Idempotency: a second plan should be empty =====

$ terraform plan -no-color | tail -5

No changes. Your infrastructure matches the configuration.

Terraform has compared your real infrastructure against your configuration
and found no differences, so no changes are needed.

===== 8. Drift: change a managed file by hand =====

$ echo 'edited outside terraform' >> generated/node-0.conf

$ cat generated/node-0.conf
# generated by terraform, do not edit
project     = devops-lab
environment = dev
node_id     = 0
cluster     = evolving-hamster
edited outside terraform
# terraform notices and plans to put it back

$ terraform plan -no-color | tail -12
      + directory_permission = "0777"
      + file_permission      = "0777"
      + filename             = "./generated/node-0.conf"
      + id                   = (known after apply)
    }

Plan: 1 to add, 0 to change, 0 to destroy.

─────────────────────────────────────────────────────────────────────────────

Note: You didn't use the -out option to save this plan, so Terraform can't
guarantee to take exactly these actions if you run "terraform apply" now.

===== 9. Changing a variable =====

$ terraform plan -no-color -var='instance_count=5' | tail -8
      + "./generated/node-3.conf",
      + "./generated/node-4.conf",
    ]

─────────────────────────────────────────────────────────────────────────────

Note: You didn't use the -out option to save this plan, so Terraform can't
guarantee to take exactly these actions if you run "terraform apply" now.

===== 10. destroy =====

$ terraform destroy -no-color -auto-approve
random_pet.suffix: Refreshing state... [id=evolving-hamster]
random_password.api_key: Refreshing state... [id=none]
local_file.node_config[2]: Refreshing state... [id=06beb967345ae1716d84f5a0222a8040e59cb913]
local_file.node_config[1]: Refreshing state... [id=2ab450d708ea596e9b8f2412eb58e94b166c0d83]
local_file.node_config[0]: Refreshing state... [id=0231cc64640c3b0accbd1f37d267f0a21ae0a0a6]
local_sensitive_file.api_key: Refreshing state... [id=d935ac51f0ae3861e6352908be17009031876baf]

Terraform used the selected providers to generate the following execution
plan. Resource actions are indicated with the following symbols:
  - destroy

Terraform will perform the following actions:

  # local_file.node_config[1] will be destroyed
  - resource "local_file" "node_config" {
      - content              = <<-EOT
            # generated by terraform, do not edit
            project     = devops-lab
            environment = dev
            node_id     = 1
            cluster     = evolving-hamster
        EOT -> null
      - content_base64sha256 = "YAsJ9yzcbOErK044s7RPbpB4SEnteaaN4vx2dKns3TM=" -> null
      - content_base64sha512 = "o1G3Ua0tUqZx9Z1QTSGeFXwI91awdla++KSSCtdH3ADeKosFDqeZ5XhB9ezk7h2ufBUZgP8t9Aoe9XOm0Uic4w==" -> null
      - content_md5          = "1d04c520c8029c846f0ecf3c3bde6216" -> null
      - content_sha1         = "2ab450d708ea596e9b8f2412eb58e94b166c0d83" -> null
      - content_sha256       = "600b09f72cdc6ce12b2b4e38b3b44f6e90784849ed79a68de2fc7674a9ecdd33" -> null
      - content_sha512       = "a351b751ad2d52a671f59d504d219e157c08f756b07656bef8a4920ad747dc00de2a8b050ea799e57841f5ece4ee1dae7c151980ff2df40a1ef573a6d1489ce3" -> null
      - directory_permission = "0777" -> null
      - file_permission      = "0777" -> null
      - filename             = "./generated/node-1.conf" -> null
      - id                   = "2ab450d708ea596e9b8f2412eb58e94b166c0d83" -> null
    }

  # local_file.node_config[2] will be destroyed
  - resource "local_file" "node_config" {
      - content              = <<-EOT
            # generated by terraform, do not edit
            project     = devops-lab
            environment = dev
            node_id     = 2
            cluster     = evolving-hamster
        EOT -> null
      - content_base64sha256 = "w2xx//ZQJPq0b4AQTE9ukewVB41Oep62T0mP8lt0M9g=" -> null
      - content_base64sha512 = "58tUr7LUW0z1R/oiUhDR51CggtnLNknDoOWnzrHMft7giwIaoEwn9VT5cBEj1kPg5fb5gWvhM5noTF1JRAXsVA==" -> null
      - content_md5          = "894f30cedf32b6fa24bcc096ed2c44e3" -> null
      - content_sha1         = "06beb967345ae1716d84f5a0222a8040e59cb913" -> null
      - content_sha256       = "c36c71fff65024fab46f80104c4f6e91ec15078d4e7a9eb64f498ff25b7433d8" -> null
      - content_sha512       = "e7cb54afb2d45b4cf547fa225210d1e750a082d9cb3649c3a0e5a7ceb1cc7edee08b021aa04c27f554f9701123d643e0e5f6f9816be13399e84c5d494405ec54" -> null
      - directory_permission = "0777" -> null
      - file_permission      = "0777" -> null
      - filename             = "./generated/node-2.conf" -> null
      - id                   = "06beb967345ae1716d84f5a0222a8040e59cb913" -> null
    }

  # local_sensitive_file.api_key will be destroyed
  - resource "local_sensitive_file" "api_key" {
      - content              = (sensitive value) -> null
      - content_base64sha256 = "Mzr/yVLpJl8r6HGgNVJpCnx+KpmrhbjdEQS8ciys4mU=" -> null
      - content_base64sha512 = "hrv54QMx90pGfU0z1A2NeFKB6djcSvsiTEy010tjP1fEn/3PTNSDsk7PG44r/BT+BmNw6D46h1nU6omZu5W5zA==" -> null
      - content_md5          = "47388cb312c4ce18584b0220b4502b7a" -> null
      - content_sha1         = "d935ac51f0ae3861e6352908be17009031876baf" -> null
      - content_sha256       = "333affc952e9265f2be871a03552690a7c7e2a99ab85b8dd1104bc722cace265" -> null
      - content_sha512       = "86bbf9e10331f74a467d4d33d40d8d785281e9d8dc4afb224c4cb4d74b633f57c49ffdcf4cd483b24ecf1b8e2bfc14fe066370e83e3a8759d4ea8999bb95b9cc" -> null
      - directory_permission = "0700" -> null
      - file_permission      = "0700" -> null
      - filename             = "./generated/api-key.txt" -> null
      - id                   = "d935ac51f0ae3861e6352908be17009031876baf" -> null
    }

  # random_password.api_key will be destroyed
  - resource "random_password" "api_key" {
      - bcrypt_hash = (sensitive value) -> null
      - id          = "none" -> null
      - length      = 24 -> null
      - lower       = true -> null
      - min_lower   = 0 -> null
      - min_numeric = 0 -> null
      - min_special = 0 -> null
      - min_upper   = 0 -> null
      - number      = true -> null
      - numeric     = true -> null
      - result      = (sensitive value) -> null
      - special     = false -> null
      - upper       = true -> null
    }

  # random_pet.suffix will be destroyed
  - resource "random_pet" "suffix" {
      - id        = "evolving-hamster" -> null
      - length    = 2 -> null
      - separator = "-" -> null
    }

Plan: 0 to add, 0 to change, 5 to destroy.

Changes to Outputs:
  - api_key      = (sensitive value) -> null
  - cluster_name = "devops-lab-dev-evolving-hamster" -> null
  - config_files = [
      - "./generated/node-0.conf",
      - "./generated/node-1.conf",
      - "./generated/node-2.conf",
    ] -> null
local_file.node_config[2]: Destroying... [id=06beb967345ae1716d84f5a0222a8040e59cb913]
local_file.node_config[1]: Destroying... [id=2ab450d708ea596e9b8f2412eb58e94b166c0d83]
local_sensitive_file.api_key: Destroying... [id=d935ac51f0ae3861e6352908be17009031876baf]
local_sensitive_file.api_key: Destruction complete after 0s
local_file.node_config[2]: Destruction complete after 0s
local_file.node_config[1]: Destruction complete after 0s
random_password.api_key: Destroying... [id=none]
random_password.api_key: Destruction complete after 0s
random_pet.suffix: Destroying... [id=evolving-hamster]
random_pet.suffix: Destruction complete after 0s

Destroy complete! Resources: 5 destroyed.

$ ls generated/ 2>&1 || echo 'the generated directory is gone'
node-0.conf

$ terraform state list 2>&1 || echo 'state is empty'

===== 11. The AWS configuration =====

$ cat main.tf
resource "aws_s3_bucket" "demo" {
  bucket = var.bucket_name

  tags = {
    Name        = var.bucket_name
    Environment = var.environment
    ManagedBy   = "terraform"
  }
}

resource "aws_s3_bucket_versioning" "demo" {
  bucket = aws_s3_bucket.demo.id

  versioning_configuration {
    status = "Enabled"
  }
}

# Public access stays blocked. The defaults changed in provider v4, so setting
# this explicitly documents the intent rather than relying on them.
resource "aws_s3_bucket_public_access_block" "demo" {
  bucket = aws_s3_bucket.demo.id

  block_public_acls       = true
  block_public_policy     = true
  ignore_public_acls      = true
  restrict_public_buckets = true
}

resource "aws_s3_bucket_server_side_encryption_configuration" "demo" {
  bucket = aws_s3_bucket.demo.id

  rule {
    apply_server_side_encryption_by_default {
      sse_algorithm = "AES256"
    }
  }
}

$ terraform init -no-color
Initializing the backend...

Initializing provider plugins...
- Reusing previous version of hashicorp/aws from the dependency lock file
- Using previously-installed hashicorp/aws v5.100.0

Terraform has been successfully initialized!

You may now begin working with Terraform. Try running "terraform plan" to see
any changes that are required for your infrastructure. All Terraform commands
should now work.

If you ever set or change modules or backend configuration for Terraform,
rerun this command to reinitialize your working directory. If you forget, other
commands will detect it and remind you to do so if necessary.

$ terraform validate -no-color
Success! The configuration is valid.


$ terraform fmt -check -no-color && echo 'formatting is already canonical'
formatting is already canonical
# the real AWS account is on the free plan, whose service control policy
# explicitly denies s3, so apply cannot run there:

$ aws s3api list-buckets 2>&1 | tail -2 || true

aws: [ERROR]: An error occurred (AccessDenied) when calling the ListBuckets operation: User: arn:aws:iam::035680193068:user/devops is not authorized to perform: s3:ListAllMyBuckets with an explicit deny in a service control policy: arn:aws:organizations::923788823696:policy/o-yfi7wi4tks/service_control_policy/p-sz2h13a2
# so apply runs against LocalStack instead, which serves the same api.
# the configuration is unchanged: only the provider endpoints move.

$ terraform apply -auto-approve -no-color | tail -12
aws_s3_bucket_server_side_encryption_configuration.demo: Creating...
aws_s3_bucket_public_access_block.demo: Creation complete after 0s [id=devops-course-24bcs10406-demo]
aws_s3_bucket_server_side_encryption_configuration.demo: Creation complete after 0s [id=devops-course-24bcs10406-demo]
aws_s3_bucket_versioning.demo: Creation complete after 1s [id=devops-course-24bcs10406-demo]

Apply complete! Resources: 4 added, 0 changed, 0 destroyed.

Outputs:

bucket_arn = "arn:aws:s3:::devops-course-24bcs10406-demo"
bucket_name = "devops-course-24bcs10406-demo"
bucket_region = "ap-south-1"

$ terraform state list
aws_s3_bucket.demo
aws_s3_bucket_public_access_block.demo
aws_s3_bucket_server_side_encryption_configuration.demo
aws_s3_bucket_versioning.demo
# read back independently with the aws cli, not just terraform:

$ aws --endpoint-url=http://localhost:4566 s3 ls
2026-10-07 23:37:02 devops-course-24bcs10406-demo

$ aws --endpoint-url=http://localhost:4566 s3api get-bucket-versioning --bucket devops-course-24bcs10406-demo
{
    "Status": "Enabled"
}

$ aws --endpoint-url=http://localhost:4566 s3api get-bucket-encryption --bucket devops-course-24bcs10406-demo --query 'ServerSideEncryptionConfiguration.Rules[0].ApplyServerSideEncryptionByDefault' --output table
----------------------------
|    GetBucketEncryption   |
+---------------+----------+
|  SSEAlgorithm |  AES256  |
+---------------+----------+

$ aws --endpoint-url=http://localhost:4566 s3api get-public-access-block --bucket devops-course-24bcs10406-demo --output table
-------------------------------------
|       GetPublicAccessBlock        |
+-----------------------------------+
|| PublicAccessBlockConfiguration  ||
|+-------------------------+-------+|
||  BlockPublicAcls        |  True ||
||  BlockPublicPolicy      |  True ||
||  IgnorePublicAcls       |  True ||
||  RestrictPublicBuckets  |  True ||
|+-------------------------+-------+|

$ terraform destroy -auto-approve -no-color | tail -4
aws_s3_bucket.demo: Destroying... [id=devops-course-24bcs10406-demo]
aws_s3_bucket.demo: Destruction complete after 0s

Destroy complete! Resources: 4 destroyed.

===== Done. Output saved to /Users/manasvi/Desktop/devops-assignment-2/10_Terraform_IaC/output.log =====
