===== 1. Deploy =====

$ kubectl apply -f manifests/01-clusterip/00-namespace.yaml
namespace/svc-lab created

$ kubectl apply -f manifests/01-clusterip/
namespace/svc-lab unchanged
deployment.apps/hello-api created
service/hello-api-svc created
pod/curl-box created

$ kubectl -n svc-lab rollout status deployment/hello-api --timeout=180s
Waiting for deployment "hello-api" rollout to finish: 0 of 3 updated replicas are available...
Waiting for deployment "hello-api" rollout to finish: 1 of 3 updated replicas are available...
Waiting for deployment "hello-api" rollout to finish: 2 of 3 updated replicas are available...
deployment "hello-api" successfully rolled out

$ kubectl -n svc-lab wait --for=condition=Ready pod/curl-box --timeout=180s
pod/curl-box condition met

===== 2. What got created =====

$ kubectl -n svc-lab get pods -o wide
NAME                         READY   STATUS    RESTARTS   AGE   IP           NODE              NOMINATED NODE   READINESS GATES
curl-box                     1/1     Running   0          14s   10.244.1.2   svc-lab-worker    <none>           <none>
hello-api-6ddb65475c-b2ltm   1/1     Running   0          14s   10.244.2.3   svc-lab-worker2   <none>           <none>
hello-api-6ddb65475c-fwbx4   1/1     Running   0          14s   10.244.1.3   svc-lab-worker    <none>           <none>
hello-api-6ddb65475c-tdqpf   1/1     Running   0          14s   10.244.2.2   svc-lab-worker2   <none>           <none>

$ kubectl -n svc-lab get svc hello-api-svc
NAME            TYPE        CLUSTER-IP     EXTERNAL-IP   PORT(S)    AGE
hello-api-svc   ClusterIP   10.96.214.58   <none>        9090/TCP   14s

$ kubectl -n svc-lab get endpointslices -l kubernetes.io/service-name=hello-api-svc
NAME                  ADDRESSTYPE   PORTS   ENDPOINTS                          AGE
hello-api-svc-n595n   IPv4          8080    10.244.2.3,10.244.1.3,10.244.2.2   15s

===== 3. Reach the service three different ways =====

$ kubectl -n svc-lab exec curl-box -- curl -s http://hello-api-svc:9090
Server address: 10.244.2.2:8080
Server name: hello-api-6ddb65475c-tdqpf
Date: 17/Sep/2026:17:36:08 +0000
URI: /
Request ID: e3e09bccebb12ac86905c557d1087ed4

$ kubectl -n svc-lab exec curl-box -- curl -s http://10.96.214.58:9090
Server address: 10.244.1.3:8080
Server name: hello-api-6ddb65475c-fwbx4
Date: 17/Sep/2026:17:36:08 +0000
URI: /
Request ID: 812cb1204465c74716c582c07a29eb5a

$ kubectl -n svc-lab exec curl-box -- curl -s http://hello-api-svc.svc-lab.svc.cluster.local:9090
Server address: 10.244.1.3:8080
Server name: hello-api-6ddb65475c-fwbx4
Date: 17/Sep/2026:17:36:08 +0000
URI: /
Request ID: 295585373e60b3479957641fa236a125

===== 4. DNS =====

$ kubectl -n svc-lab exec curl-box -- cat /etc/resolv.conf
search svc-lab.svc.cluster.local svc.cluster.local cluster.local
nameserver 10.96.0.10
options ndots:5

$ kubectl -n svc-lab exec curl-box -- nslookup hello-api-svc.svc-lab.svc.cluster.local
Server:		10.96.0.10
Address:	10.96.0.10:53

Name:	hello-api-svc.svc-lab.svc.cluster.local
Address: 10.96.214.58



===== 5. Load balancing: 12 requests, count which pod answered =====

$ kubectl -n svc-lab exec curl-box -- sh -c 'for i in $(seq 1 12); do curl -s http://hello-api-svc:9090 | grep "Server name"; done' | sort | uniq -c
   6 Server name: hello-api-6ddb65475c-b2ltm
   4 Server name: hello-api-6ddb65475c-fwbx4
   2 Server name: hello-api-6ddb65475c-tdqpf

===== 6. Kill a pod: endpoints follow, the name keeps working =====

$ kubectl -n svc-lab delete pod hello-api-6ddb65475c-b2ltm
pod "hello-api-6ddb65475c-b2ltm" deleted from svc-lab namespace

$ kubectl -n svc-lab rollout status deployment/hello-api --timeout=120s
Waiting for deployment "hello-api" rollout to finish: 2 of 3 updated replicas are available...
deployment "hello-api" successfully rolled out

$ kubectl -n svc-lab get endpointslices -l kubernetes.io/service-name=hello-api-svc
NAME                  ADDRESSTYPE   PORTS   ENDPOINTS                          AGE
hello-api-svc-n595n   IPv4          8080    10.244.1.3,10.244.2.2,10.244.2.4   23s

$ kubectl -n svc-lab exec curl-box -- curl -s -o /dev/null -w 'HTTP %{http_code}\n' http://hello-api-svc:9090
HTTP 200

===== 7. Scale to 0: no endpoints, connection refused =====

$ kubectl -n svc-lab scale deployment/hello-api --replicas=0
deployment.apps/hello-api scaled

$ kubectl -n svc-lab get endpointslices -l kubernetes.io/service-name=hello-api-svc
NAME                  ADDRESSTYPE   PORTS     ENDPOINTS   AGE
hello-api-svc-n595n   IPv4          <unset>   <unset>     30s

$ kubectl -n svc-lab exec curl-box -- curl -s -m 5 -o /dev/null -w 'exit=%{exitcode} http=%{http_code}\n' http://hello-api-svc:9090
exit=7 http=000
command terminated with exit code 7

$ kubectl -n svc-lab scale deployment/hello-api --replicas=3
deployment.apps/hello-api scaled

$ kubectl -n svc-lab rollout status deployment/hello-api --timeout=120s
Waiting for deployment "hello-api" rollout to finish: 0 of 3 updated replicas are available...
Waiting for deployment "hello-api" rollout to finish: 1 of 3 updated replicas are available...
deployment "hello-api" successfully rolled out

===== 8. ClusterIP is namespace-scoped and cluster-internal =====

$ kubectl -n default run tmp-client --rm -i --restart=Never --image=curlimages/curl:8.7.1 -- curl -s -m 5 http://hello-api-svc:9090
All commands and output from this session will be recorded in container logs, including credentials and sensitive information passed through the command prompt.
If you don't see a command prompt, try pressing enter.
pod "tmp-client" deleted from default namespace
pod default/tmp-client terminated (Error)

$ kubectl -n default run tmp-client2 --rm -i --restart=Never --image=curlimages/curl:8.7.1 -- curl -s -m 5 http://hello-api-svc.svc-lab.svc.cluster.local:9090
Server address: 10.244.2.5:8080
Server name: hello-api-6ddb65475c-c2hlm
Date: 17/Sep/2026:17:36:33 +0000
URI: /
Request ID: ed55168b5386a06691f738c5c5d1b9be
All commands and output from this session will be recorded in container logs, including credentials and sensitive information passed through the command prompt.
If you don't see a command prompt, try pressing enter.
warning: couldn't attach to pod/tmp-client2, falling back to streaming logs: Internal error occurred: Internal error occurred: error attaching to container: container is in CONTAINER_EXITED state
Server address: 10.244.2.5:8080
Server name: hello-api-6ddb65475c-c2hlm
Date: 17/Sep/2026:17:36:33 +0000
URI: /
Request ID: ed55168b5386a06691f738c5c5d1b9be
pod "tmp-client2" deleted from default namespace

# From the laptop itself (outside the cluster) the ClusterIP is unreachable:

$ curl -s -m 5 http://10.96.214.58:9090 || echo 'failed as expected - ClusterIP is not routable from outside'
failed as expected - ClusterIP is not routable from outside


===== 9. Labels and selector: why these pods and not the client =====
# sections 9 and 10 were added to verify.sh after the first run and captured
# against the same cluster a minute later, so the pod names differ from above
$ kubectl -n svc-lab get pods --show-labels
NAME                         READY   STATUS    RESTARTS   AGE    LABELS
curl-box                     1/1     Running   0          100s   app=curl-box,tier=client
hello-api-6ddb65475c-c2hlm   1/1     Running   0          70s    app=hello-api,pod-template-hash=6ddb65475c,tier=backend
hello-api-6ddb65475c-j2vds   1/1     Running   0          70s    app=hello-api,pod-template-hash=6ddb65475c,tier=backend
hello-api-6ddb65475c-tl64v   1/1     Running   0          70s    app=hello-api,pod-template-hash=6ddb65475c,tier=backend

$ kubectl -n svc-lab get svc hello-api-svc -o jsonpath="{.spec.selector}"
{"app":"hello-api"}

$ kubectl -n svc-lab describe svc hello-api-svc
Name:                     hello-api-svc
Namespace:                svc-lab
Labels:                   app=hello-api
Annotations:              <none>
Selector:                 app=hello-api
Type:                     ClusterIP
IP Family Policy:         SingleStack
IP Families:              IPv4
IP:                       10.96.214.58
IPs:                      10.96.214.58
Port:                     http  9090/TCP
TargetPort:               http/TCP
Endpoints:                10.244.1.4:8080,10.244.2.6:8080,10.244.2.5:8080
Session Affinity:         None
Internal Traffic Policy:  Cluster
Events:                   <none>

===== 10. port-forward: the debugging tunnel =====

$ kubectl -n svc-lab port-forward svc/hello-api-svc 9090:9090 &
Forwarding from 127.0.0.1:9090 -> 8080
Forwarding from [::1]:9090 -> 8080

$ curl -s -m 5 http://localhost:9090
Server address: 127.0.0.1:8080
Server name: hello-api-6ddb65475c-c2hlm
Date: 17/Sep/2026:17:37:41 +0000
URI: /
Request ID: 32623a3dd97de771ace1d96a2c3df084

===== Done. Output saved to output.log =====
